// Jest Snapshot v1, https://goo.gl/fbAQLP

exports[`renders the starter board 1`] = `
<div>
  <div>
    You Win!
  </div>
</div>
`;
